.next/types/app/api/cron/payment-reminder/route.ts(2,24): error TS2307: Cannot find module '../../../../../../src/app/api/cron/payment-reminder/route.js' or its corresponding type declarations.
.next/types/app/api/cron/payment-reminder/route.ts(5,29): error TS2307: Cannot find module '../../../../../../src/app/api/cron/payment-reminder/route.js' or its corresponding type declarations.
.next/types/validator.ts(89,39): error TS2307: Cannot find module '../../src/app/api/cron/payment-reminder/route.js' or its corresponding type declarations.
src/app/admin/menu/page.tsx(123,29): error TS2345: Argument of type '{ id: string; name: string; image: string; options: CakeOptionInput[]; description?: string | undefined; category?: string | undefined; }' is not assignable to parameter of type '{ options: { size: string; serves: string; price: number; id?: string | undefined; }[]; name: string; id: string; image: string; description?: string | undefined; category?: string | undefined; }'.
  Types of property 'options' are incompatible.
    Type 'CakeOptionInput[]' is not assignable to type '{ size: string; serves: string; price: number; id?: string | undefined; }[]'.
      Type 'CakeOptionInput' is not assignable to type '{ size: string; serves: string; price: number; id?: string | undefined; }'.
        Types of property 'price' are incompatible.
          Type 'string' is not assignable to type 'number'.
src/app/admin/menu/page.tsx(125,29): error TS2345: Argument of type '{ name: string; image: string; options: CakeOptionInput[]; description?: string | undefined; category?: string | undefined; }' is not assignable to parameter of type '{ options: { size: string; serves: string; price: number; }[]; name: string; image: string; description?: string | undefined; category?: string | undefined; }'.
  Types of property 'options' are incompatible.
    Type 'CakeOptionInput[]' is not assignable to type '{ size: string; serves: string; price: number; }[]'.
      Type 'CakeOptionInput' is not assignable to type '{ size: string; serves: string; price: number; }'.
        Types of property 'price' are incompatible.
          Type 'string' is not assignable to type 'number'.
src/app/admin/menu/page.tsx(163,48): error TS2345: Argument of type '{ options: { id: string; size: string; serves: string; price: number; cakeId: string; }[]; } & { name: string; id: string; createdAt: Date; updatedAt: Date; image: string; description: string | null; category: string; }' is not assignable to parameter of type '{ id: string; name: string; description: string | null; category?: string | null | undefined; image: string; options: CakeOptionInput[]; } | undefined'.
  Type '{ options: { id: string; size: string; serves: string; price: number; cakeId: string; }[]; } & { name: string; id: string; createdAt: Date; updatedAt: Date; image: string; description: string | null; category: string; }' is not assignable to type '{ id: string; name: string; description: string | null; category?: string | null | undefined; image: string; options: CakeOptionInput[]; }'.
    Types of property 'options' are incompatible.
      Type '{ id: string; size: string; serves: string; price: number; cakeId: string; }[]' is not assignable to type 'CakeOptionInput[]'.
        Type '{ id: string; size: string; serves: string; price: number; cakeId: string; }' is not assignable to type 'CakeOptionInput'.
          Types of property 'price' are incompatible.
            Type 'number' is not assignable to type 'string'.
